
> gym@0.0.0 build
> next build

   Γû▓ Next.js 15.5.14

   Creating an optimized production build ...
node.exe : Failed to 
compile.
At line:1 char:1
+ & "C:\Program 
Files\nodejs/node.exe" 
"C:\Program 
Files\nodejs/node_mo ...
+ ~~~~~~~~~~~~~~~~~~~~~~~~
~~~~~~~~~~~~~~~~~~~~~~~~~~
~~~~~~~~~~~~~~~~~~~
    + CategoryInfo        
      : NotSpecified: (F  
  ailed to compile.:Str   
 ing) [], RemoteExcept    
ion
    + FullyQualifiedError 
   Id : NativeCommandErr  
  or
 

./src/app/about/page.jsx
Module not found: Can't 
resolve '../components/Sec
tionHeader'

https://nextjs.org/docs/me
ssages/module-not-found

./src/app/about/page.jsx
Module not found: Can't 
resolve '../components/Scr
ollReveal'

https://nextjs.org/docs/me
ssages/module-not-found

./src/app/about/page.jsx
Module not found: Can't 
resolve '../components/Tra
inerCard'

https://nextjs.org/docs/me
ssages/module-not-found

./src/app/admin/page.jsx
Module not found: Can't 
resolve '../components/Scr
ollReveal'

https://nextjs.org/docs/me
ssages/module-not-found

./src/app/blog/[slug]/page
.jsx
Module not found: Can't 
resolve '../components/Scr
ollReveal'

https://nextjs.org/docs/me
ssages/module-not-found


> Build failed because of 
webpack errors
